line 1
line 3
line 2
for i in $(seq 10000000); do echo "Line "$i; done